Blank.svg
Chat_search_duotone.svg
Check_ring_light.svg
Folder_alt_fill.svg
Expand_down_double.svg
In.svg
Ticket_alt_fill.svg
Shop.svg
Info.svg
Wallet_alt_duotone_line.svg
Chat_alt_3.svg
thumb_down.svg
Arhive_alt_small_lock_light.svg
Import_duotone.svg
Search_light.svg
Load_list_alt.svg
Done_duotone_line.svg
box_refresh_right.svg
Folder_line.svg
Check_round_fill.svg
Dell_light.svg
ITO_duotone.svg
Chield_fill.svg
sound_mute_fill.svg
Covert_light.svg
Paper_duotone_line.svg
Desk_duotone_line.svg
Chield_check_fill.svg
Fire-1.svg
Fire_fill-3.svg
Edit_light-1.svg
On_button_duotone_line.svg
User_add_duotone.svg
Mortarboard.svg
User_duotone.svg
Cloud_alt.svg
sound_mute_light.svg
Arhive-1.svg
Horizontal_top_left_main.svg
User_box.svg
folder-file-01.svg
Box_light.svg
Star_duotone_line.svg
Lamp_duotone_line-1.svg
Sign_in_squre_duotone.svg
Status_list.svg
Folder_check_duotone.svg
Sunlight.svg
watch_alt_light.svg
Direction_alt.svg
Remove_duotone.svg
Add_duotone_line.svg
Chat_alt_2.svg
Line_up.svg
Dimond_alt.svg
Direction_light.svg
hide_eye_fill.svg
Full-2.svg
Add_light.svg
Arhive_export_light.svg
Rename_light.svg
Print_fill.svg
lightning_ring_light.svg
Widget_add.svg
Bed_light.svg
Target_duotone_line.svg
Sort_random_light.svg
Molecule_light.svg
Remove_duotone_line.svg
On_button_light.svg
Chart_duotone_line.svg
Arrow_alt_lright_alt.svg
Ticket_fill.svg
close_ring_light.svg
Fire_alt_light.svg
File_dock_add.svg
User_box_duotone.svg
box_refresh_alt_right_light.svg
Chat_alt_3_light.svg
pin_duotone_line.svg
Arhive_plane_light.svg
Filter_alt-2.svg
circle_right_alt_light.svg
Widget.svg
Key_alt_duotone_line.svg
Play_duotone_line.svg
Transfer_long_top_light.svg
Chat_alt_3_duotone.svg
View_duotone.svg
Done_duotone.svg
Check_fill.svg
Wallet_alt_fill.svg
Ticket_alt_light.svg
On_light.svg
pined_duotone_line.svg
group_share_light.svg
hide_eye_duotone.svg
Export_fill.svg
Message_open_fill.svg
img_rol-3.svg
Chart_alt.svg
User_scan_duotone_line.svg
Img_load_box.svg
Done_fill.svg
Move_light.svg
Video_file.svg
Load_list_alt_light-1.svg
Arrow_left_stop_light.svg
Full_alt_light-1.svg
Horizontal_switch_light.svg
sound_max.svg
Send_hor_fill.svg
sound_max_duotone_line.svg
Basket_light-1.svg
Gift_light.svg
Tablet_light.svg
Temperature_fill.svg
darhboard-1.svg
Cancel.svg
Setting_line_duotone.svg
Done_round_fill.svg
Scan_alt_light.svg
Folder_copy_duotone_line.svg
Flag_alt_light.svg
Info_alt_fill.svg
Regroup_light.svg
Phone-1.svg
Blank_alt.svg
Temperature.svg
Arhive_fill.svg
Lol_light.svg
Fire_alt_duotone.svg
Blank_duotone_line.svg
View_horizont_duotone.svg
box_refresh_right_light.svg
Sad.svg
lightning_alt.svg
Book_check_duotone.svg
battery_low_duotone.svg
Mic_duotone_line.svg
Key.svg
Video_fill.svg
Move_alt_alt.svg
Chat_plus_duotone-1.svg
Trash_duotone.svg
Wallet_light.svg
Bookmark_light.svg
Img_load_box-4.svg
Done_all_round_duotone.svg
File_dock_light.svg
Pined.svg
Lable.svg
box_refresh_alt_right.svg
sound_max_fill.svg
Chield_check.svg
Img_duotone_line-1.svg
Scan_alt_2_light.svg
Horizontal_top_right_main_light.svg
Wallet_alt_light.svg
Chield.svg
File_dock_search_fill.svg
Add_ring_duotone.svg
Nesting_light.svg
Setting_line_light.svg
Compass_duotone_line.svg
Folders_light.svg
Edit_light.svg
Compas_mini_light.svg
Vertical_switch_long_light.svg
Structure_light.svg
Refund_top.svg
globe.svg
Target_fill.svg
close_ring.svg
lightning_duotone.svg
Edit_fill.svg
Turbine_light.svg
Sign_out_squre_duotone.svg
Folder_alt_light.svg
hide_eye_light.svg
Send_hor_light.svg
Sad_alt.svg
watch.svg
Basket_alt_2_light.svg
Chat_alt_2_light.svg
File_dock_search_line.svg
happy.svg
Done.svg
Blank_alt_fill.svg
Folder_check_fill.svg
Fire_light.svg
Print_light.svg
Copy_alt.svg
Subttasks_alt_light.svg
User_add_alt_duotone.svg
Unlock_duotone_line.svg
Critical_fill.svg
Paper_fill.svg
Arrow_top_light.svg
Close_round.svg
Sun_fill.svg
darhboard_alt.svg
Line_light-1.svg
Camera-2.svg
Turbine.svg
Check_ring_duotone_line.svg
CPU_light.svg
Chat_alt_add.svg
Desk_fill.svg
Video_file_fill.svg
Bag_alt_fill.svg
Copy.svg
Setting_alt_line_light.svg
Chat_alt_2_duotone.svg
Book_open_fill.svg
Direction_alt_2_light.svg
Chield_alt.svg
View.svg
Flag_finish_alt.svg
Close_square_duotone.svg
array.svg
Flask.svg
Img_box_duotone.svg
Calories_light.svg
Line_fill-1.svg
Cloud_fill.svg
Question_fill.svg
Nesting_duotone.svg
Close_round_light.svg
Chield_check_duotone_line.svg
Arrow_alt_ldown_alt.svg
Pined_fill.svg
mobile.svg
Phone-5.svg
Horizontal_top_left_main_light.svg
Dimond_light.svg
Status_list-1.svg
Edit_duotone.svg
Sort_arrow.svg
Done_all_round_light.svg
Refund_back_light.svg
Carbs.svg
Upload_light.svg
Paper.svg
Key_light.svg
Table_light.svg
desktop.svg
File.svg
Folder-3.svg
Play_fill.svg
lightning_alt_fill.svg
folder-file-02.svg
Full_light-1.svg
Book_check_fill.svg
Desk_alt_duotone.svg
Rain_light.svg
User_scan_duotone.svg
Desk_light.svg
Arrow_drop_left-1.svg
Glasses_light.svg
Credit card_light.svg
comment_light.svg
candlestick_duotone_line.svg
Database_duotone.svg
Arrow_left_light.svg
Blood_light.svg
Info_duotone_line.svg
Sun_fill-1.svg
View_hide_light.svg
img_rol-2.svg
Phone_fill.svg
Box_open_duotone.svg
Download_circle_duotone_line.svg
Cancel_light.svg
Save_light.svg
Music_duotone_line.svg
Load_list_fill.svg
Storm_fill.svg
Bag_light.svg
Ticket_duotone_line.svg
Chield_alt_duotone.svg
Jump_time_duotone_line.svg
close_ring_duotone.svg
Compass_alt_light-2.svg
Menu.svg
Time_light.svg
Setting_line.svg
Credit card_duotone_line.svg
Order_light.svg
Done_round.svg
Line.svg
Refund_down_light.svg
Widget_alt_light.svg
terminal_light.svg
Gps_fixed_duotone.svg
Blood_add_light.svg
Lamp_duotone_line.svg
Dell_duotone.svg
Ticket_duotone.svg
Subttasks_light.svg
Flag_alt_duotone_line.svg
Nesting.svg
Add.svg
Back_light.svg
User_light.svg
Transfer_long_right.svg
Folder_del-2.svg
Map_fill.svg
E-mail_light.svg
Blank_alt_duotone.svg
folder-send-3.svg
Widget_alt-1.svg
Chart_alt_fill.svg
world_alt_duotone_line.svg
Pin-1.svg
Full_alt.svg
Pointers.svg
stethoscope .svg
darhboard_alt-1.svg
Desk_alt_fill.svg
Print.svg
Critical_duotone.svg
Line_out.svg
Arrow_down_long.svg
View_alt_fill-1.svg
Bag_alt_light.svg
Phone-2.svg
Pin_light-1.svg
Winter_duotone.svg
Bell_pin_duotone_line-1.svg
oil_light.svg
folder-send-2.svg
Structure.svg
Target_light.svg
Send_hor.svg
folder-file-02-1.svg
Box_duotone.svg
Arhive_alt_big_duotone.svg
happy_light-1.svg
Alarmclock_light.svg
Sort_up_alt.svg
Transfer_long_left_light.svg
folder-up.svg
Moon.svg
Pin_fill-1.svg
Img_box_duotone_line.svg
Arhive_alt_add_light.svg
Colum_up.svg
Wallet_duotone.svg
Regroup.svg
Import_light.svg
pyramid_chart_light.svg
Import.svg
Question_duotone_line.svg
Boxes_light.svg
Chart_alt_duotone_line.svg
Sort list_light.svg
Carbs_light.svg
Chield_alt_light.svg
Protein.svg
Widget_add_light.svg
Download_duotone.svg
Book_open_alt_light.svg
Bag_alt_duotone_line.svg
Chart.svg
Dimond_duotone_line.svg
File_fill.svg
Mortarboard_light.svg
Filter_big-1.svg
Map.svg
Percent.svg
Add_square.svg
Eye.svg
Done_round_light.svg
Date_range_duotone_line.svg
Dell_fill.svg
Box_open_light.svg
Ring_light.svg
Tumer_duotone.svg
Gps_fixed_light.svg
Download_duotone_line.svg
User_alt_duotone_line.svg
Chart_alt_duotone.svg
Folder_dublicate_light.svg
Book_check.svg
Nesting_fill.svg
Bug_fill.svg
Bookmark_duotone_line.svg
Folder-1.svg
Home_fill.svg
Down.svg
Arrow_left.svg
Video_duotone_line.svg
Chield_duotone_line.svg
Chield_check_light.svg
Server_fill.svg
Video_file_light.svg
Chart_fill.svg
Horizontal_down_right_main.svg
Sunlight_duotone.svg
Mic_light.svg
Scan_alt.svg
Desk_alt_duotone_line.svg
Road.svg
img_out-2.svg
Expand_right_double.svg
Chat_plus_light.svg
Sunlight_fill.svg
Money.svg
Pipe_fill.svg
Progress.svg
Basket_duotone.svg
Folder_open_light.svg
Line_duotone-1.svg
Horizontal_top_right_main.svg
Transfer_left_light.svg
Sertificate.svg
Flag_finish.svg
Camera-4.svg
Alarmclock.svg
Done_light.svg
Tumer_light.svg
Message_open.svg
User_fill.svg
folder-add.svg
Ring_duotone_line-1.svg
Fire_duotone_line.svg
Message_duotone.svg
Favorites.svg
Arhive_duotone_line.svg
Ticket_use.svg
Layers_light.svg
Bell_pin_duotone_line.svg
Alarm_light.svg
Folder_del-1.svg
Import_fill.svg
Sad_alt_2_light.svg
Info_duotone_line-1.svg
Folder_alt_duotone.svg
Info_fill.svg
Folder_dublicate_fill.svg
Home_duotone.svg
Download_circle_fill.svg
check_ring_round_light.svg
NFC.svg
Code.svg
Bag_alt.svg
Upload_light-1.svg
Sign_out.svg
Message_alt_fill.svg
Message_open_duotone.svg
Chart_alt_light.svg
Search_fill.svg
Refund_top_light.svg
News_duotone_line.svg
Eye_light.svg
Map-2.svg
Down_light.svg
Sign_in_squre.svg
remote_light.svg
Setting_vert.svg
File_dock_duotone.svg
Line_up_light.svg
Load_list_alt_light.svg
Blank_duotone.svg
Img_load_box-3.svg
Desk_duotone.svg
Credit card_duotone.svg
Up.svg
Mic.svg
battery_full_fill.svg
Book_open_duotone_line.svg
Lamp_fill.svg
Video.svg
Moon_light.svg
Compass_north_fill.svg
Stat-1.svg
Pin_fill.svg
Download_circle_duotone.svg
Fluid_light.svg
Database-1.svg
GIft.svg
folder-add-2.svg
Calendar_fill.svg
View_alt_duotone-1.svg
Sign_out_squre_fill.svg
Database_light-1.svg
Wallet_fill.svg
Move.svg
Flask_alt.svg
Pipe_duotone.svg
Arhive_alt_small_duotone.svg
Mortarboard_alt_light.svg
NFC-3.svg
Horizontal_down_left_main_light.svg
Fire_fill-2.svg
hide_eye.svg
Ring.svg
Sign_in_squre_light.svg
del_alt_duotone_line.svg
Pined_light.svg
Info-1.svg
Camera-3.svg
Close_round_fill.svg
Folders_line.svg
File_dock_duotone_line-1.svg
Off_light.svg
Send_hor_duotone_line.svg
Message.svg
Fire_duotone_fill.svg
insta.svg
Filter_alt.svg
Box_alt_fill.svg
Folder_del.svg
Rain.svg
Img_duotone.svg
On_button.svg
Edit.svg
Direction_alt_2.svg
Broken_heart.svg
3d_box_light.svg
Vertical_switch_light.svg
View_alt-1.svg
Load_circle_duotone_line.svg
Color_Mode_light.svg
Widget_light.svg
battery_full_duotone_line.svg
Stop_and_play_duotone_line.svg
Chat_plus_duotone_line-1.svg
Edit_duotone_line.svg
Basket_alt.svg
json.svg
Refresh.svg
Arhive_alt_big_light.svg
Cloud_duotone.svg
notebook_duotone_line.svg
Eye_fill.svg
Folder_line-4.svg
Trash_duotone_line.svg
Calendar_add_duotone_line.svg
Calendar_duotone_line.svg
Server.svg
Message_alt.svg
Export_light.svg
Transfer_top.svg
Arrow_alt_left.svg
Cloud_alt_fill.svg
Chield_alt_duotone_line.svg
Key_alt_light.svg
Mic_alt_fill.svg
Credit card_fill.svg
Close_round_duotone_line.svg
Sound.svg
Bug_light.svg
Folders_group_light.svg
Transfer_long_top.svg
pie_chart.svg
Folder-4.svg
Frame.svg
Critical_duotone_line.svg
doughnut_chart_light.svg
Water_light.svg
View_horizont-1.svg
Load_list_alt_fill.svg
View_alt_duotone_line-1.svg
Basket_fill-1.svg
Arrow_down.svg
Img_alt_.svg
Folder_dublicate_duotone.svg
Subttasks_alt.svg
Collapse.svg
array_light.svg
Bag_fill.svg
Eye_duotone.svg
Sort-1.svg
Sun_duotone.svg
Sign_in_circle.svg
Paper_alt_light.svg
circle_left_light.svg
Time_sleep_light.svg
Mortarboard_alt.svg
NFC-4.svg
Sound_light.svg
Lable_light.svg
Bug.svg
Arhive_import_light.svg
Filter.svg
Horizontal_down_right_main_light.svg
Flag_finish_duotone_line.svg
Book_duotone.svg
Folder_open.svg
Sad_alt_2.svg
Send_fill.svg
Back.svg
Wallet_duotone_line.svg
hide_eye_duotone_line.svg
Up_light.svg
Compass_north_duotone-1.svg
Favorite.svg
Shop_light.svg
Key_alt.svg
Status.svg
Refresh_light.svg
Expand_top_stop.svg
Alarmclock_duotone.svg
Favorites_light.svg
Remove.svg
Compass_alt_light-1.svg
drink.svg
Setting_alt_line_duotone.svg
Basket.svg
Filter_alt_light.svg
Calendar_light.svg
Info_alt_duotone_line.svg
Compass_light.svg
Transfer_right_light.svg
Star.svg
Edit_fill-1.svg
Arhive_alt_fill.svg
pyramid_chart.svg
Done_all_alt_round_fill-1.svg
Arhive.svg
Stat.svg
Ticket_use_duotone_line.svg
Headphones_fill_duotone_line.svg
Temperature_light.svg
Expand_down.svg
Ticket_light.svg
Lock_fill.svg
Vertical_switch_alt.svg
Order_duotone_line.svg
lightning_fill-1.svg
Moon_alt_duotone.svg
Arhive_duotone-1.svg
Refresh_2.svg
User_add_duotone_line.svg
Folders_group.svg
Dimond.svg
Arrow_drop_up-1.svg
Pin_alt_duotone.svg
Unlock_duotone.svg
Folder_copy_duotone.svg
Question.svg
Print_duotone.svg
On_button_duotone.svg
Folder_check.svg
Stop_and_play_light.svg
Fat_light.svg
Data_bank.svg
Time_progress_duotone.svg
Fat.svg
Upload_fill.svg
Menu-1.svg
Pin_light.svg
Camera-1.svg
Rofl.svg
Headphones_fill.svg
Img_fill-1.svg
Alarmclock_duotone_line.svg
Folder_open_alt_light.svg
Dimond_alt_duotone_line.svg
User_scan_fill.svg
Filter_big_alt.svg
Export_duotone.svg
Atom.svg
Key_duotone_line.svg
User_add.svg
Img.svg
CPU.svg
Load_circle_light.svg
Basket_alt_duotone_line.svg
Check_ring.svg
Add_square_fill.svg
mobile_light.svg
Lol.svg
Expand_right_stop_light.svg
Folder_search_light.svg
Bubble.svg
Refund_Forward_light.svg
Arrow_drop_down.svg
Basket_alt_2_duotone_line.svg
Done_round_duotone_line.svg
Home_light.svg
Dimond_fill.svg
User_alt_fill.svg
Folder_dublicate_duotone_line.svg
Rename.svg
Add_round_duotone_line.svg
Flask_light.svg
Sort.svg
Transfer_right.svg
Speed_alt_light.svg
Box_open.svg
Chat_fill.svg
Pipette _light.svg
Bell_duotone_line.svg
Date_range_duotone.svg
Resize_down_right_light.svg
Paper_light.svg
Rofl_light.svg
Sign_out_circle_light.svg
Box_alt_duotone.svg
Broken_heart_light.svg
Stop_light.svg
Temperature_light-1.svg
Sign_in.svg
Sign_out_circle.svg
Return_light.svg
Lable_fill.svg
Lock_light.svg
Lamp_light.svg
Home.svg
Full_light-2.svg
Favorite_fill.svg
Database_fill.svg
Roll_alt_light_light.svg
Stackframe_fill.svg
Fire.svg
Arrow_alt_lright.svg
Mic_alt.svg
Chat_alt_add_fill.svg
Transfer_down.svg
Ticket_use_light.svg
Sunlight_light.svg
Arrow_right_long_light.svg
Done_all_round.svg
Box_open_fill_duotone.svg
Blank_alt_duotone_line.svg
Stackframe_light.svg
Arrow_down_long_light.svg
Angry.svg
Materials_light.svg
Phone.svg
Alarm.svg
Wallet.svg
drink_light.svg
Expand_down_double_light.svg
Img_box.svg
Clock_light.svg
candlestick.svg
Expand_down_light.svg
Cloud_light.svg
Favorite_light.svg
Money_fill.svg
Send_duotone_line.svg
Broken_heart_fill.svg
Sound_fill.svg
Filter_alt_duotone_line.svg
info_light.svg
check_ring_round_duotone.svg
File_duotone.svg
del_alt.svg
Chat_plus_light-1.svg
Chat_alt.svg
File_dock_fill.svg
Stop_and_play.svg
Bug_duotone.svg
battery_full_light.svg
Chat_alt_duotone_line.svg
Search_alt.svg
insta_light.svg
View_alt_light-1.svg
candlestick_light.svg
Info_alt_light.svg
Book_fill.svg
Arrow_left_long_light.svg
Search_alt_light.svg
View_alt_light.svg
Sun-1.svg
Temperature_duotone.svg
Book_open_light.svg
battery_low_duotone_line.svg
Fire-2.svg
User_alt_light.svg
Cloud_alt_light.svg
Paper_alt.svg
battery_full_duotone.svg
Chat_plus_fill.svg
Time_del_light.svg
Arrow_top_long.svg
Pin_alt_fill.svg
insta_duotone_line.svg
Img_box_light.svg
desktop_light.svg
Navigate_light.svg
Box_alt.svg
Upload-1.svg
View_hide_duotone.svg
View_alt.svg
Folder_dublicate.svg
Line_fill.svg
Cloud.svg
Lock_duotone.svg
Expand_left_double.svg
Return.svg
Transger.svg
Key_duotone.svg
Pipe.svg
Export_duotone_line.svg
User.svg
Folder_copy_fill.svg
Arrow_alt_ltop_alt.svg
lightning_ring_duotone.svg
Search.svg
world_alt_light.svg
Order.svg
Info_light.svg
Winter.svg
Line_out_light.svg
Wallet_alt.svg
folder-send-1.svg
Stop_duotone_line.svg
Pin_duotone.svg
ITO_light.svg
Arrow_down_light.svg
Ring_duotone_line.svg
happy_light.svg
Boxes.svg
Chat_alt_add_duotone.svg
View_duotone_line.svg
Ring_fill.svg
Add_ring_light.svg
Arrow_right_stop.svg
E-mail.svg
Time_atack_duotone.svg
Transfer_left.svg
Move-1.svg
Time_duotone.svg
notebook_light.svg
Setting_line_duotone_line.svg
Search_alt_duotone.svg
Molecule.svg
Jump_time-1.svg
Flag_fill.svg
Transfer_long_down_light.svg
Arrow_drop_right-1.svg
Info_alt_duotone.svg
Gps_fixed_duotone_line.svg
sound_min_duotone_line.svg
Direction_alt_3_light.svg
Map_duotone_line.svg
Filter-1.svg
Pin_alt_light.svg
Arrow_right_long.svg
Desk_alt_light.svg
Time_atack_fill.svg
Chield_check_duotone.svg
View_hide_fill.svg
Subttasks_duotone.svg
Close_square_light.svg
Chat_duotone.svg
Img_box_fill.svg
Mic_fill.svg
Percent_light.svg
Copy_alt_light.svg
lightning_ring.svg
Fire_duotone_fill-1.svg
Folder_alt.svg
Stackframe.svg
Blank_fill.svg
Tumer_fill.svg
Phone-4.svg
Bag.svg
Img_duotone-1.svg
Wow.svg
Database.svg
sound_min_light.svg
Folder_del-3.svg
Headphones_fill-1.svg
Book_open.svg
dna-light.svg
Blank_alt_light.svg
Gps_fixed.svg
link_alt_light.svg
Arhive_light.svg
Chield_light.svg
Arrow_left_long.svg
Chemistry _light.svg
Img_alt_light.svg
Map_light.svg
Arhive_load_duotone.svg
Expand_right.svg
Roll.svg
Mouse_light.svg
Stop_and_play_fill.svg
Jump_time.svg
User_alt.svg
Time_progress.svg
folder-file-01-4.svg
Road_light.svg
Camera.svg
Time_progress_duotone_line.svg
Book_open_duotone.svg
User_cicrle.svg
Compass_north_duotone.svg
Flag_finish_alt_light.svg
ITO_fill.svg
Add_round.svg
Add_duotone.svg
Load_circle_fill.svg
close_ring_fill.svg
Storm.svg
Pin_duotone_line.svg
Pin.svg
Refund_Forward.svg
Folder_line-2.svg
Form_fill.svg
Dell_duotone_line.svg
Filter_big_alt-1.svg
Book_check_light.svg
Time_fill.svg
Chield_alt_fill.svg
Critical.svg
Winter_light.svg
Chat_search_light.svg
Reduce_light.svg
Box.svg
Pipe_duotone_line.svg
Arrow_drop_down_big.svg
Arhive_alt_small_add_light.svg
Close_square_duotone_line.svg
Filter_alt_fill.svg
Wow_light.svg
Folder_open_alt.svg
Refresh_2_light.svg
Done_round_duotone.svg
lable_duotone _line.svg
Box_fill_duotone.svg
lightning_ring_duotone_line.svg
Setting_fill.svg
Line_duotone.svg
comment.svg
User_box_duotone_line.svg
Upload_duotone.svg
Img_load_box-1.svg
Moon_alt_fill.svg
Mic_alt_light.svg
sound_mute_duotone_line.svg
Arrow_right_stop_light.svg
Arhive_duotone.svg
Calendar_add.svg
Line_light.svg
Line_in_light.svg
Paper_duotone.svg
User_scan_light.svg
Chat_alt_add_duotone-1.svg
File_dock_light-1.svg
User_scan.svg
Message_alt_light.svg
Search_duotone_line.svg
Basket-1.svg
Moon_alt.svg
Bookmark_fill.svg
lightning_alt_light.svg
Expand_left_stop_light.svg
Done_all_round_duotone_line.svg
circle_left.svg
Chart_light.svg
Expand_left_stop.svg
Done_ring_round_duotone.svg
Arrow_alt_left_alt.svg
News.svg
Sort_arrow_light.svg
Basket_alt_3_light.svg
Hhourglass_move_light.svg
Dimond_alt_light.svg
Widget_alt.svg
Phone_light.svg
User_add_alt_light.svg
Gps_fixed_fill.svg
Fire_light-1.svg
Done_all_alt_round.svg
Play_light.svg
Chat_plus_duotone.svg
User_box_light.svg
Compass_north_light.svg
Money_duotone_line.svg
img_out-1.svg
Arhive_load_light.svg
Form.svg
Form_light.svg
Mask_light.svg
Compass_alt_light.svg
Arrow_drop_up.svg
Table.svg
Protein_light.svg
battery_full.svg
Arhive_fill_duotone.svg
Dimond_alt_fill.svg
User_alt_duotone.svg
View_horizont_duotone_line.svg
img_rol.svg
Load_list_line.svg
Chat_search.svg
Chat_alt_add_fill-1.svg
User_cicrle_duotone.svg
Code_light.svg
Time_progress_light.svg
Knife_light.svg
Date_today_duotone.svg
Arrow_right.svg
Play.svg
Key_alt_fill.svg
Tooth_light.svg
Widget_alt-2.svg
Download_light.svg
Date_range_light.svg
Folder_line-3.svg
Arrow_alt_ldown.svg
Close_round_duotone.svg
Chat_plus.svg
Load_circle_duotone.svg
Rain_duotone.svg
Done_all_alt_round_light.svg
folder-file-01-1.svg
Done_ring_round_light.svg
darhboard.svg
folder-send-4.svg
Chat_alt_2_duotone_line.svg
Sign_out_circle_duotone.svg
Chield_duotone.svg
world_2_light.svg
Glasses.svg
humidity.svg
Question_light.svg
battery_low_light.svg
Copy_light.svg
sound_min.svg
Sort_alfa_light.svg
File_dock_add_fill.svg
Calendar_add_fill.svg
Stop_fill.svg
Vertical_switch.svg
Flag.svg
Broken_heart_duotone_line.svg
Speed_light.svg
Edit_duotone-1.svg
Cancel_fill.svg
Jump_time_fill.svg
Tumer_duotone_line.svg
Sun.svg
Expand_up.svg
Add_ring.svg
Message_open_light.svg
News_duotone.svg
Angry_light.svg
Line_in.svg
Winter_fill.svg
File_dock_search.svg
Sort_down.svg
Scan.svg
Time_atack_duotone_line.svg
comment_duotone_line.svg
Img_fill.svg
Folder_check_light.svg
Ticket_use_duotone.svg
Calendar_duotone.svg
3d_box_fill.svg
Import_duotone_line.svg
Remove_fill.svg
battery_low_fill.svg
Home_duotone_line.svg
Remove_light.svg
Mortarboard_alt_2.svg
Chat_alt_3_fill.svg
Add_round_light.svg
Date_range_fill.svg
Close_square.svg
Basket_light.svg
terminal.svg
Moon_alt_light.svg
Horizontal_switch.svg
Folder_copy_light.svg
close_ring_duotone_line.svg
Arrow_right_light.svg
Arhive_alt_big_line.svg
Target.svg
Fluid.svg
Desk_alt.svg
File_dock_search_light.svg
Flag_alt_fill.svg
circle_right.svg
Img_duotone_line.svg
Sad_alt_light.svg
Message_alt_duotone.svg
Basket_alt_2_fill.svg
Folder_search_duotone.svg
Arhive_alt_small_light.svg
Line_in_alt_light.svg
Info_alt.svg
Move_alt-1.svg
Video_file_duotone.svg
Frame_light.svg
Subttasks.svg
Expand_up_double.svg
Expand_right_double_light.svg
Arhive_load.svg
Folder-2.svg
Add_round_fill.svg
world.svg
Chat_alt_add_duotone_line-1.svg
Folder_alt_duotone_fill.svg
Credit card.svg
Gift_light_duotone_line.svg
Pipe_light.svg
Vertical_switch_alt_light.svg
Sort_down_light.svg
Sort list.svg
Desk.svg
Message_light.svg
Load_list_alt_liту.svg
Arrow_alt_ltop.svg
Search_alt_duotone_line.svg
Roll_light_light.svg
Subttasks_fill.svg
Bell_pin_fill.svg
Moon_duotone.svg
Search_alt_fill.svg
Question_duotone.svg
Clock.svg
lightning_alt_duotone_line.svg
Fire_duotone_line-1.svg
Add_square_duotone.svg
Sun_duotone-1.svg
Download.svg
Message_alt_duotone_line.svg
Calendar_add_duotone.svg
Done_all_alt_round_fill.svg
Chat_plus_duotone_line.svg
sound_min_fill.svg
Bag_duotone_line.svg
Trash-1.svg
Add_round_duotone.svg
Chat_light.svg
Cloud_alt_duotone.svg
Arrow_top_long_light.svg
Database_light.svg
Expand_down_stop.svg
Headphones_fill_light.svg
group_share.svg
Expand_left_double_light.svg
User_box_fill.svg
Message_open_duotone_line.svg
Form_duotone.svg
ITO.svg
Sign_out_squre_light.svg
Done_ring_round_fill.svg
Flag_finish_fill.svg
Colum_up_light.svg
gift_alt_light.svg
Arhive_light-1.svg
Bag_duotone.svg
world_alt_fill.svg
Chat_plus-1.svg
Date_fill.svg
Book_light.svg
Img_load_box-2.svg
Sign_in_circle_light.svg
Line_out_alt_light.svg
Status-1.svg
insta_duotone.svg
Download_fill.svg
Chat_alt_fill.svg
Box_fill.svg
Arrow_drop_left.svg
File_dock_duotone-1.svg
Bookmark.svg
Box_open_fill.svg
Compass_fill.svg
Road_alt_light.svg
battery_low.svg
pie_chart_light.svg
View_fill.svg
Music.svg
Book_duotone_line.svg
Shop-1.svg
Sun_light-1.svg
Pressure_light.svg
check_ring_round.svg
Message_duotone_line.svg
Transger_light.svg
Favorite_duotone_line.svg
world_light.svg
Arhives_alt_light.svg
Layers.svg
Export.svg
Chat_alt_3_duotone_line.svg
Stackframe_duotone.svg
Trash.svg
Resize_down_right.svg
watch_light.svg
world_duotone_line.svg
User_circle.svg
Trophy_light.svg
Lock.svg
Send_light.svg
Edit_alt.svg
Sertificate_light.svg
View_light.svg
Rain_fill.svg
Music_light.svg
Moon_fill.svg
Form_duotone_line.svg
Horizontal_down_left_main.svg
Basket_duotone_line.svg
Expand_up_light.svg
img_out-3.svg
Gamepad_light.svg
Fire_fill-1.svg
Star_light.svg
Add_square_light.svg
Pen.svg
Arrow_left_stop.svg
User_add_alt_fill.svg
Calories.svg
News_light.svg
Transfer_down_light.svg
Filter_alt-1.svg
folder-send.svg
Transfer_long_down.svg
Folder_search_fill.svg
Line_out_alt.svg
View_hide.svg
Fire_fill.svg
Basket_fill.svg
Chart_duotone.svg
Layers_duotone.svg
Folder_search.svg
Clock_duotone.svg
Basket_alt_light.svg
User_add_alt.svg
Scan_light.svg
Root_light_light.svg
Waterfall.svg
View_alt_duotone_line.svg
File_duotone_line.svg
Arrow_top.svg
Pressure.svg
Folder.svg
Gamepad.svg
Alarmclock_fill.svg
Box_alt_fill_duotone.svg
Alarm_fill.svg
Send_hor_duotone.svg
Chat_alt_light.svg
Money_duotone.svg
Tie.svg
Expand_down_stop_light.svg
Widget-1.svg
Compass_duotone.svg
Ticket_use_fill.svg
Direction_alt_3.svg
Sign_out_squre.svg
Collapse_light.svg
User_fill_add.svg
Pointers_light.svg
On_button_fill.svg
Subttasks_alt_fill.svg
Order_fill.svg
Arhive_fill-1.svg
Money_light.svg
Phone_duotone.svg
Sound_duotone_line.svg
sound_mute.svg
Box_alt_light.svg
In_light.svg
Menu-3.svg
Sad_light.svg
Flag_light.svg
Chat_alt_2_fill.svg
Book_open_alt.svg
Basket_alt_3.svg
Map_duotone.svg
del_alt_duotone.svg
Upload.svg
Full-1.svg
Chat_plus_fill-1.svg
Unlock_fill.svg
circle_right_light.svg
View_hide_duotone_line.svg
Navigate.svg
Chat_search_fill.svg
Chat_search_duotone_light.svg
suitcase_light.svg
Download_light-1.svg
insta_fill.svg
Flag_alt.svg
comment_duotone.svg
folder-up-1.svg
img_out.svg
Bag_alt_duotone.svg
pil_light.svg
watch_alt.svg
Sort list_alt.svg
lightning_alt_duotone.svg
Layers_fill.svg
lightning.svg
Hourglass_light.svg
Atom_alt_light.svg
Water.svg
Done_ring_round.svg
Off.svg
Road_finish_light.svg
Book_check_duotone_line.svg
Full.svg
Compass.svg
Shop_duotone_line.svg
lightning_duotone_line.svg
Lock_duotone_line.svg
Sign_in_squre_fill.svg
File_dock.svg
News_fill.svg
NFC-1.svg
Date_today_light.svg
flash_light.svg
Line_in_alt.svg
View_horizont.svg
Storm_duotone.svg
Time_progress_fill.svg
flag_duotone_line.svg
Blood_minus_light.svg
Add-1.svg
Send_duotone.svg
Storm_light.svg
Date_range.svg
Bell_duotone_line-1.svg
Expand_left.svg
Transfer_top_light.svg
world_alt_duotone.svg
Expand_top_stop_light.svg
Time_atack_light.svg
Upload_duotone_line.svg
remote.svg
Gift_light_duotone.svg
Map-1.svg
Message_fill.svg
Cancel_duotone_line.svg
Sign_in_circle_duotone_line.svg
sound_max_light.svg
Sort list_alt_light.svg
folder-file-01-3.svg
Root.svg
globe_light.svg
NFC-2.svg
Mic_alt_duotone_line.svg
Info_alt_duotone-1.svg
User_add_light.svg
Scan_alt_2.svg
Bubble_light.svg
Full_light.svg
Folders_line_light.svg
comment_fill.svg
Sort_random.svg
Img_light.svg
Compass_north.svg
Time_atack.svg
Expand_right_stop.svg
lightning_light.svg
Out.svg
Flask_alt_light.svg
Sort_up.svg
Full_alt-1.svg
Transfer_long_left.svg
Folder_del-4.svg
Full_alt_light.svg
link_light.svg
Music_fill.svg
Folder_copy.svg
Wallet_alt_duotone.svg
Chat_alt_add_light.svg
Chart_pin.svg
Flag_finish_light.svg
Folder_check_duotone_line.svg
world_fill.svg
Setting_alt_fill.svg
Color_Mode.svg
Arhive_alt_add_list_light.svg
link.svg
Chat_alt_duotone.svg
View_alt_fill.svg
Arhive_alt_small_secure_light.svg
Calendar.svg
Vertical_switch_long.svg
Clock_fill.svg
Trash_light.svg
Add_square_duotone_line.svg
Atom_alt.svg
Out_light.svg
Transfer_long_right_light.svg
Done_all_alt_round_fill_line.svg
Star_fill.svg
Ticket.svg
Done_ring_round_duotone_line.svg
Lamp.svg
humidity_light.svg
Mortarboard_alt_2_light.svg
Edit_duotone_line-1.svg
Phone-3.svg
Server_light.svg
Pass_light.svg
gift_alt.svg
Calendar_add_light.svg
Bell_light.svg
Search_duotone.svg
Download_circle.svg
Cancel_duotone.svg
File_dock_search-1.svg
Sort_alfa.svg
Load_list_duono.svg
Roll_alt.svg
Shop_duotone.svg
Bell_pin.svg
Waterfall_light.svg
img_out-4.svg
Arhive_load_fill.svg
Atom_light.svg
Jump_time_duotone.svg
Pen_light.svg
Unlock_light.svg
Save_duotone.svg
Filter_alt_duotone.svg
circle_right_alt.svg
thumb_up.svg
Send.svg
Sort_up_light.svg
Basket_alt_duotone.svg
Arhive_alt_small.svg
Clock_duotone_line.svg
world_alt.svg
User_add_alt_duotone_line.svg
Tumer.svg
Print_duotone_line.svg
Time.svg
File_light.svg
Pin_alt.svg
Widget-2.svg
Blank_light.svg
Refund_back.svg
Chat.svg
Bell_fill.svg
Menu-2.svg
link_alt.svg
Close_square_fill.svg
folder-file-01-2.svg
del_alt_light.svg
Arrow_drop_right.svg
happy-1.svg
Bell.svg
Book.svg
Info_duotone.svg
Folder_search_duotone_line.svg
img_rol-4.svg
oil.svg
Subttasks_alt_duotone.svg
Expand_left_light.svg
Date_today.svg
Basket_duotone-1.svg
Direction.svg
Target_duotone.svg
View_horizont_fill.svg
3d_box_duotone.svg
User_cicrle_duotone_line.svg
Direction_alt_light.svg
lightning_fill.svg
User_cicrle_light.svg
Key_alt_duotone.svg
Refund_down.svg
Save_fill.svg
doughnut_chart.svg
Expand_up_double_light.svg
Download-1.svg
Info_fill-1.svg
Sign_in_squre_duotone_line.svg
Watch_light.svg
Tie_light.svg
Bell_pin_light.svg
check_ring_round_duotone_line.svg
notebook.svg
Download_circle_light.svg
Materials.svg
img_rol-1.svg
Mouse.svg
Dell.svg
Server_duotone.svg
Video_file_duotone_line.svg
Arhive_alt_export_light.svg
Expand_right_light.svg
json_light.svg
Alarm_duotone.svg
Add_ring_duotone_line.svg
GIft_fill.svg
Chat_alt_add-1.svg
Time_duotone_line.svg
Arhive_load_duotone_line.svg
Line_alt.svg
Move_alt.svg
notebook_fill.svg
Sign_in_circle_duotone.svg
Sun_light.svg
Stop.svg
folder-add-3.svg
View_alt_duotone.svg
Covert.svg
folder-add-1.svg
Tablet.svg
Order_duotone.svg
Add_ring_fill.svg
Chart_pin_light.svg
Key_fill.svg
Date_today_duotone_line.svg
pils_light.svg
Sign_out_circle_duotone_line.svg
Chat_alt_add_duotone_line.svg
Done_all_round_fill.svg
Save.svg
notebook_duotone.svg
Chemistry .svg
Sign_out_squre_duotone_line.svg
Video_light.svg
User_duotone_line.svg
Unlock.svg
world_duotone.svg
Folder_line-1.svg
Filter_big.svg
Load_list_light.svg
del_alt_fill.svg
Reduce.svg
Chat_duotone_line.svg
stethoscope_light.svg
3d_box.svg
Chat_alt_add_light-1.svg
Load_circle.svg
Arhives_group_docks_light.svg
Arhive_alt_small_duotone_line.svg
Load_list.svg
Phone_duotone_line.svg
On.svg
Pin_alt_duotone_line.svg
Setting_alt_line_duotone_line.svg
Setting_alt_line.svg
File_dock_duotone_line.svg
Check_ring_duotone.svg
